   --- System Configuration Dialog ---

Would you like to enter the initial configuration dialog? [yes/no]: no


Press RETURN to get started!



Router>
Router>en
Router#conf t
Enter configuration commands, one per line.  End with CNTL/Z.
Router(config)#interface se2/0
Router(config-if)#ip address 192.168.10.2 255.255.255.0
Router(config-if)#no sh

Router(config-if)#
%LINK-5-CHANGED: Interface Serial2/0, changed state to up
ex
Router(config)#int fa0/
%LINEPROTO-5-UPDOWN: Line protocol on Interface Serial2/0, changed state to up
ex
                       ^
% Invalid input detected at '^' marker.
	
Router(config)#exit
Router#
%SYS-5-CONFIG_I: Configured from console by console

Router#
Router#int fa0/0
           ^
% Invalid input detected at '^' marker.
	
Router#en
Router#conf t
Enter configuration commands, one per line.  End with CNTL/Z.
Router(config)#interface fa0/0
Router(config-if)#ip address 192.168.2.1 255.255.255.0
Router(config-if)#no sh

Router(config-if)#
%LINK-5-CHANGED: Interface FastEthernet0/0, changed state to up

%LINEPROTO-5-UPDOWN: Line protocol on Interface FastEthernet0/0, changed state to up
ex
Router(config)#ex
Router#
%SYS-5-CONFIG_I: Configured from console by console

Router#
Router#ip route 192.168.1.0 255.255.255.0 192.168.10.1
          ^
% Invalid input detected at '^' marker.
	
Router#
Router#ip route 192.168.1.0 255.255.255.0 192.168.10.1
          ^
% Invalid input detected at '^' marker.
	
Router#ex